?   	github.com/theapemachine/a2a-go	[no test files]
?   	github.com/theapemachine/a2a-go/cmd	[no test files]
ok  	github.com/theapemachine/a2a-go/pkg/a2a	(cached)
ok  	github.com/theapemachine/a2a-go/pkg/ai	0.764s
?   	github.com/theapemachine/a2a-go/pkg/auth	[no test files]
ok  	github.com/theapemachine/a2a-go/pkg/catalog	(cached)
?   	github.com/theapemachine/a2a-go/pkg/errors	[no test files]
ok  	github.com/theapemachine/a2a-go/pkg/file	(cached)
?   	github.com/theapemachine/a2a-go/pkg/jsonrpc	[no test files]
?   	github.com/theapemachine/a2a-go/pkg/logging	[no test files]
ok  	github.com/theapemachine/a2a-go/pkg/memory	(cached)
?   	github.com/theapemachine/a2a-go/pkg/metrics	[no test files]
ok  	github.com/theapemachine/a2a-go/pkg/prompts	(cached)
?   	github.com/theapemachine/a2a-go/pkg/provider	[no test files]
?   	github.com/theapemachine/a2a-go/pkg/push	[no test files]
?   	github.com/theapemachine/a2a-go/pkg/registry	[no test files]
?   	github.com/theapemachine/a2a-go/pkg/roots	[no test files]
?   	github.com/theapemachine/a2a-go/pkg/sampling	[no test files]
ok  	github.com/theapemachine/a2a-go/pkg/service	5.798s
ok  	github.com/theapemachine/a2a-go/pkg/service/sse	(cached)
ok  	github.com/theapemachine/a2a-go/pkg/sse	(cached)
ok  	github.com/theapemachine/a2a-go/pkg/stores	(cached)
?   	github.com/theapemachine/a2a-go/pkg/stores/neo4j	[no test files]
ok  	github.com/theapemachine/a2a-go/pkg/stores/qdrant	(cached)
?   	github.com/theapemachine/a2a-go/pkg/stores/s3	[no test files]
?   	github.com/theapemachine/a2a-go/pkg/tools	[no test files]
?   	github.com/theapemachine/a2a-go/pkg/tools/browser	[no test files]
?   	github.com/theapemachine/a2a-go/pkg/tools/catalog	[no test files]
?   	github.com/theapemachine/a2a-go/pkg/tools/docker	[no test files]
?   	github.com/theapemachine/a2a-go/pkg/tools/github	[no test files]
?   	github.com/theapemachine/a2a-go/pkg/transport	[no test files]
?   	github.com/theapemachine/a2a-go/pkg/types	[no test files]
?   	github.com/theapemachine/a2a-go/pkg/ui	[no test files]
?   	github.com/theapemachine/a2a-go/pkg/utils	[no test files]
